// Jest Snapshot v1, https://goo.gl/fbAQLP

exports[`NewTodoForm matches snapshot 1`] = `
<DocumentFragment>
  <form>
    <label
      for="task"
    >
      New Task
    </label>
    <input
      id="task"
      name="task"
      placeholder="new task"
      type="text"
      value=""
    />
    <button>
      Add new task!
    </button>
  </form>
</DocumentFragment>
`;
