// Jest Snapshot v1, https://goo.gl/fbAQLP

exports[`App render matches snapshot 1`] = `
<DocumentFragment>
  <div
    class="App"
  >
    <div>
      <h3>
        Box List
      </h3>
      <form>
        <label
          for="color"
        >
          Color
        </label>
        <input
          id="color"
          name="color"
          placeholder="box color"
          type="text"
          value=""
        />
        <label
          for="height"
        >
          Height
        </label>
        <input
          id="height"
          name="height"
          placeholder="height"
          type="text"
          value=""
        />
        <label
          for="width"
        >
          Width
        </label>
        <input
          id="width"
          name="width"
          placeholder="width"
          type="text"
          value=""
        />
        <button>
          Add
        </button>
      </form>
      <div />
    </div>
  </div>
</DocumentFragment>
`;
